// Jest Snapshot v1, https://goo.gl/fbAQLP

exports[`Button show 1`] = `
<button
  className="vant-button"
/>
`;
